// Jest Snapshot v1, https://goo.gl/fbAQLP

exports[`App component selects mention option 1`] = `
<DocumentFragment>
  <div
    class="App"
  >
    <input
      class="input"
      placeholder="Mention..."
      type="text"
      value="@Luke Skywalker"
    />
  </div>
</DocumentFragment>
`;
